// Jest Snapshot v1, https://goo.gl/fbAQLP

exports[`Footer should render 1`] = `
<div>
  <div
    class="block sm:flex sm:justify-center h-10 leading-10 sm:bottom-0 sm:left-0 sm:fixed w-full border-solid border-2 border-gray-200"
  >
    <p
      class="text-purple-600 px-4 text-center"
    >
      Â© Copyright 2020
    </p>
  </div>
</div>
`;
